UNLOCKED ~/.local/custom/sheldon/plugins.lock
  RENDERED testa
  RENDERED testb
