LOADED ~/.config/sheldon/plugins.toml
    CLONED https://github.com/rossmacarthur/sheldon-test
LOCKED ~/.local/share/sheldon/plugins.lock
