[LOADED] ~/plugins.toml
    [CLONED] https://github.com/rossmacarthur/sheldon-test@v0.1.0
[LOCKED] ~/plugins.lock
