[UNLOCKED] ~/<xdata>/plugins.lock
  [RENDERED] test
