[LOADED] ~/plugins.toml
    [CLONED] https://github.com/rossmacarthur/sheldon-test@feature
[LOCKED] ~/plugins.lock
