[UNLOCKED] ~/<xdata>/plugins.p1.lock
  [RENDERED] test
   [INLINED] inline-test
