[LOADED] ~/<xconfig>/plugins.toml
    [CLONED] https://github.com/rossmacarthur/sheldon-test
[LOCKED] ~/<xdata>/plugins.lock
