[UNLOCKED] ~/<xdata>/plugins.lock
  [RENDERED] test
   [INLINED] inline-test
