pre
source "<data>/repos/github.com/rossmacarthur/sheldon-test/test.plugin.zsh"
echo 'testing...'
post

