source "<home>/.sheldon/downloads/raw.githubusercontent.com/rossmacarthur/sheldon-test/master/test.plugin.zsh"
source "<home>/.sheldon/repos/github.com/rossmacarthur/sheldon-test/test.plugin.zsh"
