
[ERROR] failed to load config file
  due to: failed to read from `<config>/test.toml`
  due to: No such file or directory (os error 2)
