LOADED ~/.config/sheldon/plugins.toml
    CLONED https://github.com/rossmacarthur/sheldon-test

ERROR: failed to install source `https://github.com/rossmacarthur/sheldon-bad-url`
  due to: failed to git clone `https://github.com/rossmacarthur/sheldon-bad-url`
  due to: remote authentication required but none available
