[LOADED] ~/<xconfig>/plugins.toml
   [REMOVED] ~/.sheldon/repos/test.com
[LOCKED] ~/<xdata>/plugins.lock
