LOADED ~/.config/sheldon/plugins.toml
LOCKED ~/.local/share/sheldon/plugins.lock
