LOADED ~/.config/sheldon/plugins.toml
LOCKED ~/.local/share/sheldon/plugins.lock

WARNING: failed to remove directory `~/.local/share/sheldon/repos/test.com`
  due to: Permission denied (os error 13)
