source "{{ root }}/repositories/github.com/rossmacarthur/sheldon-test/test.plugin.zsh"
