Initialize a new config file

Usage: sheldon init [OPTIONS]

Options:
      --shell <SHELL>  The type of shell, accepted values are: bash, zsh
  -h, --help           Print help information
