Generate and print out the script

Usage: sheldon source [OPTIONS]

Options:
      --relock     Regenerate the lock file
      --update     Update all plugin sources (implies --relock)
      --reinstall  Reinstall all plugin sources (implies --relock)
  -h, --help       Print help information
