LOADED ~/test.toml
LOCKED ~/.local/share/sheldon/plugins.lock
