[LOADED] ~/plugins.toml
    [CLONED] https://github.com/rossmacarthur/sheldon-test
[LOCKED] ~/plugins.lock
