source "<data>/downloads/raw.githubusercontent.com/rossmacarthur/sheldon-test/master/test.plugin.zsh"
source "<data>/repos/github.com/rossmacarthur/sheldon-test/test.plugin.zsh"
