[UNLOCKED] ~/<xdata>/plugins.lock
  [RENDERED] testa
  [RENDERED] testb
