[LOADED] ~/<xconfig>/plugins.toml
[LOCKED] ~/test/plugins.lock
