UNLOCKED ~/.local/share/sheldon/plugins.lock
  RENDERED testa
  RENDERED testb
