[LOADED] ~/<xconfig>/plugins.toml

[ERROR] failed to install source `https://github.com/rossmacarthur/sheldon-test@bad-tag`
  due to: failed to find tag `bad-tag`
  due to: reference 'refs/tags/bad-tag' not found; class=Reference (4); code=NotFound (-3)
