[LOADED] ~/<xconfig>/plugins.toml
    [CLONED] https://github.com/rossmacarthur/sheldon-test@recursive-recursive
[LOCKED] ~/<xdata>/plugins.lock
