source "<data>/repos/github.com/rossmacarthur/sheldon-test/self/self/test.plugin.zsh"
