[LOADED] ~/<xconfig>/plugins.toml
    [CLONED] https://github.com/rossmacarthur/sheldon-test@feature
[LOCKED] ~/<xdata>/plugins.lock
