UNLOCKED ~/.local/share/sheldon/plugins.lock
  RENDERED test
